[15:31:27] [main/INFO]: Loading Minecraft 1.21.1 with Fabric Loader 0.19.3
[15:31:27] [ForkJoinPool-1-worker-1/WARN]: The mod "tcdcommons" contains invalid entries in its mod json:
- Unsupported root entry "" at line 27 column 4
- Unsupported root entry "" at line 27 column 198
- Unsupported root entry "" at line 29 column 4
- Unsupported root entry "" at line 29 column 24
[15:31:28] [main/INFO]: Loading 110 mods:
	- accessories 1.1.0-beta.53+1.21.1
	- aethermoncore 1.0.0
	   \-- org_xerial_sqlite-jdbc 3.47.1.0
	- architectury 13.0.8
	- balm 21.0.58
	   \-- kuma_api 21.0.8
	- blossom-lib 2.5.9+1.21
	   \-- server_translations_api 2.3.1+1.21-pre2
	        \-- packet_tweaker 0.5.1+24w03b
	- blossom-warps 2.0.9+1.21
	- cloth-config 15.0.140
	   \-- cloth-basic-math 0.6.1
	- cobblemon 1.7.3+1.21.1
	- collective 8.22
	- fabric-api 0.116.12+1.21.1
	   |-- fabric-api-base 0.4.42+6573ed8c19
	   |-- fabric-api-lookup-api-v1 1.6.72+7b3d111d19
	   |-- fabric-biome-api-v1 13.0.31+d527f9fd19
	   |-- fabric-block-api-v1 1.1.0+0bc3503219
	   |-- fabric-block-view-api-v2 1.0.11+ebb2264e19
	   |-- fabric-blockrenderlayer-v1 1.1.52+0af3f5a719
	   |-- fabric-client-tags-api-v1 1.1.15+6573ed8c19
	   |-- fabric-command-api-v1 1.2.49+f71b366f19
	   |-- fabric-command-api-v2 2.2.28+6ced4dd919
	   |-- fabric-commands-v0 0.2.66+df3654b319
	   |-- fabric-content-registries-v0 8.0.19+b559734419
	   |-- fabric-convention-tags-v1 2.1.7+7f945d5b19
	   |-- fabric-convention-tags-v2 2.12.0+c3656daa19
	   |-- fabric-crash-report-info-v1 0.2.29+0af3f5a719
	   |-- fabric-data-attachment-api-v1 1.4.7+5b36e0f719
	   |-- fabric-data-generation-api-v1 20.2.38+60a6976219
	   |-- fabric-dimensions-v1 4.0.1+65213ef819
	   |-- fabric-entity-events-v1 1.8.0+2b27e0a419
	   |-- fabric-events-interaction-v0 0.7.14+ba9dae0619
	   |-- fabric-game-rule-api-v1 1.0.53+6ced4dd919
	   |-- fabric-item-api-v1 11.2.0+3b3cb2e819
	   |-- fabric-item-group-api-v1 4.1.7+def88e3a19
	   |-- fabric-key-binding-api-v1 1.0.47+0af3f5a719
	   |-- fabric-keybindings-v0 0.2.45+df3654b319
	   |-- fabric-lifecycle-events-v1 2.6.0+0865547519
	   |-- fabric-loot-api-v2 3.0.15+3f89f5a519
	   |-- fabric-loot-api-v3 1.0.3+3f89f5a519
	   |-- fabric-message-api-v1 6.0.14+8aaf3aca19
	   |-- fabric-model-loading-api-v1 2.1.0+b4d813fc19
	   |-- fabric-networking-api-v1 4.3.1+d30f6a7919
	   |-- fabric-object-builder-api-v1 15.2.1+40875a9319
	   |-- fabric-particles-v1 4.0.2+6573ed8c19
	   |-- fabric-recipe-api-v1 5.0.16+2475392c19
	   |-- fabric-registry-sync-v0 5.3.2+e3eddc2119
	   |-- fabric-renderer-api-v1 3.4.1+b4d813fc19
	   |-- fabric-renderer-indigo 1.7.1+c705a49c19
	   |-- fabric-renderer-registries-v1 3.2.69+df3654b319
	   |-- fabric-rendering-data-attachment-v1 0.3.49+73761d2e19
	   |-- fabric-rendering-fluids-v1 3.1.6+1daea21519
	   |-- fabric-rendering-v0 1.1.72+df3654b319
	   |-- fabric-rendering-v1 5.1.0+ab4c25a019
	   |-- fabric-resource-conditions-api-v1 4.3.0+8dc279b119
	   |-- fabric-resource-loader-v0 1.3.1+5b5275af19
	   |-- fabric-screen-api-v1 2.0.25+8b68f1c719
	   |-- fabric-screen-handler-api-v1 1.3.91+b559734419
	   |-- fabric-sound-api-v1 1.0.23+6573ed8c19
	   |-- fabric-transfer-api-v1 5.4.4+7b3d111d19
	   \-- fabric-transitive-access-wideners-v1 6.2.0+45b9699719
	- fabric-language-kotlin 1.13.12+kotlin.2.4.0
	   |-- org_jetbrains_kotlin_kotlin-reflect 2.4.0
	   |-- org_jetbrains_kotlin_kotlin-stdlib 2.4.0
	   |-- org_jetbrains_kotlin_kotlin-stdlib-jdk7 2.4.0
	   |-- org_jetbrains_kotlin_kotlin-stdlib-jdk8 2.4.0
	   |-- org_jetbrains_kotlinx_atomicfu-jvm 0.33.0
	   |-- org_jetbrains_kotlinx_kotlinx-coroutines-core-jvm 1.11.0
	   |-- org_jetbrains_kotlinx_kotlinx-coroutines-jdk8 1.11.0
	   |-- org_jetbrains_kotlinx_kotlinx-datetime-jvm 0.8.0
	   |-- org_jetbrains_kotlinx_kotlinx-io-bytestring-jvm 0.9.0
	   |-- org_jetbrains_kotlinx_kotlinx-io-core-jvm 0.9.0
	   |-- org_jetbrains_kotlinx_kotlinx-serialization-cbor-jvm 1.11.0
	   |-- org_jetbrains_kotlinx_kotlinx-serialization-core-jvm 1.11.0
	   \-- org_jetbrains_kotlinx_kotlinx-serialization-json-jvm 1.11.0
	- fabricloader 0.19.3
	   \-- mixinextras 0.5.4
	- fast-rtp 1.5.1-1.21
	   \-- fabric-permissions-api-v0 0.3.1
	- ferritecore 7.0.3
	- flan 1.21.1-1.12.8-fabric
	   |-- lingua_bib 1.21.1-1.0.6
	   \-- org_yaml_snakeyaml 2.4
	- java 21
	- lithium 0.15.3+mc1.21.1
	- luckperms 5.4.140
	   \-- fabric-permissions-api-v0 0.3.1
	- luckperms-placeholders 5.4-SNAPSHOT
	- mega_showdown 1.8.4+1.7.3+1.21.1
	- minecraft 1.21.1
	- multiworld-bundle 1.8.1
	   \-- multiworld 1.8.2
	        \-- fantasy 0.6.3+1.21
	- owo 0.13.0-alpha.15+1.21
	   |-- blue_endless_jankson 1.2.2
	   |-- io_wispforest_endec 0.1.5.1
	   |-- io_wispforest_endec_gson 0.1.3.1
	   |-- io_wispforest_endec_jankson 0.1.3.1
	   \-- io_wispforest_endec_netty 0.1.2
	- placeholder-api 2.4.2+1.21
	- setworldspawnpoint 3.5
	- styled-sidebars 1.5.0+1.21
	   |-- fabric-permissions-api-v0 0.3.1
	   |-- player-data-api 0.6.0+1.21
	   |-- predicate-api 0.5.1+1.21
	   \-- sidebar-api 0.5.0+1.21
	- styledchat 2.6.1+1.21
	   |-- fabric-permissions-api-v0 0.3.1
	   |-- player-data-api 0.6.0+1.21
	   \-- predicate-api 0.5.1+1.21
	- styledplayerlist 3.5.1+1.21
	   |-- fabric-permissions-api-v0 0.3.1
	   \-- player-data-api 0.6.0+1.21
	- supermartijn642configlib 1.1.8
	- tcdcommons 3.12.7+fabric-1.21
	- voicechat 1.21.1-2.6.18
	   |-- fabric-key-binding-api-v1 1.0.47+0af3f5a76a
	   \-- voicechat_api 2.6.13
	- yet_another_config_lib_v3 3.8.2+1.21.1-fabric
	   |-- com_twelvemonkeys_common_common-image 3.12.0
	   |-- com_twelvemonkeys_common_common-io 3.12.0
	   |-- com_twelvemonkeys_common_common-lang 3.12.0
	   |-- com_twelvemonkeys_imageio_imageio-core 3.12.0
	   |-- com_twelvemonkeys_imageio_imageio-metadata 3.12.0
	   |-- com_twelvemonkeys_imageio_imageio-webp 3.12.0
	   |-- org_quiltmc_parsers_gson 0.2.1
	   \-- org_quiltmc_parsers_json 0.2.1
	- zamega 1.7.3
[15:31:30] [main/INFO]: SpongePowered MIXIN Subsystem Version=0.8.7 Source=file:/C:/AetherMon/libraries/net/fabricmc/sponge-mixin/0.17.3+mixin.0.8.7/sponge-mixin-0.17.3+mixin.0.8.7.jar Service=Knot/Fabric Env=SERVER
[15:31:30] [main/INFO]: Compatibility level set to JAVA_17
[15:31:30] [main/INFO]: Compatibility level set to JAVA_21
[15:31:30] [main/INFO]: Option 'mixin.entity.collisions.fluid' requires 'mixin.util.block_tracking=true' but found 'false'. Setting 'mixin.entity.collisions.fluid=false'.
[15:31:30] [main/INFO]: Option 'mixin.experimental.entity.block_caching.block_support' requires 'mixin.util.block_tracking=true' but found 'false'. Setting 'mixin.experimental.entity.block_caching.block_support=false'.
[15:31:30] [main/INFO]: Option 'mixin.experimental.entity.block_caching.fluid_pushing' requires 'mixin.util.block_tracking=true' but found 'false'. Setting 'mixin.experimental.entity.block_caching.fluid_pushing=false'.
[15:31:30] [main/INFO]: Option 'mixin.experimental.entity.block_caching.block_touching' requires 'mixin.util.block_tracking=true' but found 'false'. Setting 'mixin.experimental.entity.block_caching.block_touching=false'.
[15:31:30] [main/INFO]: Option 'mixin.experimental.entity.block_caching.suffocation' requires 'mixin.util.block_tracking=true' but found 'false'. Setting 'mixin.experimental.entity.block_caching.suffocation=false'.
[15:31:30] [main/INFO]: Option 'mixin.experimental.entity.block_caching' requires 'mixin.util.block_tracking=true' but found 'false'. Setting 'mixin.experimental.entity.block_caching=false'.
[15:31:30] [main/INFO]: Loaded configuration file for Lithium: 150 options available, 0 override(s) found
[15:31:30] [main/WARN]: Reference map 'supermartijn642configlib.mixins.refmap.json' for supermartijn642configlib.mixins.json could not be read. If this is a development environment you can ignore this message
[15:31:30] [main/WARN]: Reference map 'yet_another_config_lib_v3.refmap.json' for yacl.mixins.json could not be read. If this is a development environment you can ignore this message
[15:31:30] [main/WARN]: Reference map 'yet_another_config_lib_v3.refmap.json' for yacl-fabric.mixins.json could not be read. If this is a development environment you can ignore this message
[15:31:30] [main/WARN]: Error loading class: net/minecraft/class_4224 (java.lang.ClassNotFoundException: net/minecraft/class_4224)
[15:31:30] [main/WARN]: @Mixin target net.minecraft.class_4224 was not found mixins.cobblemon-common.json:ChannelMixin from mod cobblemon
[15:31:30] [main/WARN]: Error loading class: juuxel/adorn/block/variant/BlockVariantSets (java.lang.ClassNotFoundException: juuxel/adorn/block/variant/BlockVariantSets)
[15:31:30] [main/WARN]: @Mixin target juuxel.adorn.block.variant.BlockVariantSets was not found mixins.cobblemon-common.json:invoker.AdornRegisterInvoker from mod cobblemon
[15:31:30] [main/WARN]: Error loading class: net/minecraft/class_1140 (java.lang.ClassNotFoundException: net/minecraft/class_1140)
[15:31:30] [main/WARN]: @Mixin target net.minecraft.class_1140 was not found mixins.cobblemon-fabric.json:FabricSoundEngineMixin from mod cobblemon
[15:31:31] [main/WARN]: Error loading class: net/minecraft/class_1044 (java.lang.ClassNotFoundException: net/minecraft/class_1044)
[15:31:31] [main/WARN]: @Mixin target net.minecraft.class_1044 was not found owo.mixins.json:ui.access.AbstractTextureAccessor from mod owo
[15:31:31] [main/INFO]: Initializing MixinExtras via com.llamalad7.mixinextras.service.MixinExtrasServiceImpl(version=0.5.4).
[15:31:37] [main/INFO]: Registering Listeners!
[15:31:37] [main/INFO]: AethermonCore initialising...
[15:31:37] [main/INFO]: [Economy] Initialising...
[15:31:37] [main/INFO]: Database schema ready (economy, homes, market, rewards, quests, luckydraw, crates, battlepass & duels).
[15:31:37] [main/INFO]: [PlaceholderHook] Registering Aethermon placeholders...
[15:31:37] [main/INFO]: [PlaceholderHook] Registered %aethermon:coins% and %aethermon:gems% successfully!
[15:31:37] [main/INFO]: [Economy] Ready. Starting balances: 50,000 Coins / 25 Gems.
[15:31:37] [main/INFO]: [Homes] Initialising Homes module...
[15:31:37] [main/INFO]: [Homes] Homes module ready.
[15:31:37] [main/INFO]: [Shop] Initialising Server Shop module...
[15:31:37] [main/INFO]: [Shop] Server Shop registered with 5 categories.
[15:31:37] [main/INFO]: [Market] Initialising Player Market module...
[15:31:37] [main/INFO]: [Market] Player Market module ready.
[15:31:37] [main/INFO]: [Rewards] Initialising Rewards module...
[15:31:37] [main/INFO]: [Rewards] Commands /rewards, /daily, /playtime registered.
[15:31:37] [main/INFO]: [Quests] Initialising Daily & Weekly Quests module...
[15:31:37] [main/INFO]: [Quests] Commands /quests, /quest registered.
[15:31:37] [main/INFO]: [LuckyDraw] Initialising Lucky Draw module...
[15:31:37] [main/INFO]: [LuckyDraw] Loaded 2 pool(s). Commands /luckydraw, /ld, /gacha registered.
[15:31:37] [main/INFO]: [WorldBoss] Initialising World Boss module...
[15:31:37] [main/INFO]: [WorldBoss] Loaded 2 boss definition(s). Commands /worldboss, /wbstatus registered.
[15:31:37] [main/INFO]: [Crates] Initialising Mystery Crates module...
[15:31:37] [main/INFO]: [Crates] Loaded 1 physical crate blocks.
[15:31:37] [main/INFO]: [Crates] Loaded 4 crate(s). Commands /crates, /crate, /keys registered.
[15:31:37] [main/INFO]: [BattlePass] Initialising Battle Pass module...
[15:31:37] [main/INFO]: [BattlePass] Loaded Season 1 (30 tiers). Commands /bp, /pass, /battlepass registered.
[15:31:37] [main/INFO]: [Duel] Initializing Duel module...
[15:31:37] [main/INFO]: [Menu] Initialising Menu module...
[15:31:37] [main/INFO]: [Menu] Menu module ready.
[15:31:37] [main/INFO]: AethermonCore ready.
[15:31:38] [main/WARN]: Error loading class: net/minecraft/class_1132 (java.lang.ClassNotFoundException: net/minecraft/class_1132)
[15:31:38] [main/INFO]: Booting LaxPermissionValidator, permissions will be checked using Minecrafts permission level system, see https://minecraft.fandom.com/wiki/Permission_level
[15:31:38] [main/INFO]: Launching Cobblemon 1.7.3 
[15:31:38] [main/INFO]: Booting FabricPermissionValidator, permissions will be checked using fabric-permissions-api, see https://github.com/lucko/fabric-permissions-api
[15:31:38] [main/ERROR]: No data fixer registered for cobblemon:pokemon
[15:31:38] [main/ERROR]: No data fixer registered for cobblemon:empty_pokeball
[15:31:38] [main/ERROR]: No data fixer registered for cobblemon:boat
[15:31:38] [main/ERROR]: No data fixer registered for cobblemon:chest_boat
[15:31:38] [main/ERROR]: No data fixer registered for cobblemon:poke_bobber
[15:31:38] [main/ERROR]: No data fixer registered for cobblemon:generic_bedrock
[15:31:38] [main/ERROR]: No data fixer registered for cobblemon:npc
[15:31:39] [main/INFO]: Starting the Best Spawner...
[15:31:39] [main/INFO]: Loaded 7 spawning condition types.
[15:31:39] [main/INFO]: Loaded 6 spawnable position types.
[15:31:39] [main/INFO]: Loaded 3 spawn detail types.
[15:31:39] [Cobblemon Showdown/INFO]: Starting showdown service...
[15:31:39] [Cobblemon Showdown/INFO]: Showdown files are up to date (v1.0.0).
[15:31:41] [Cobblemon Showdown/INFO]: Showdown has been started!
[15:31:41] [main/INFO]: Note: Cobblemon data registries are only loaded once per server instance as Pokémon species are not safe to reload.
[15:31:41] [main/INFO]: Registered the mega_showdown:mega_showdown/custom_status registry
[15:31:41] [main/INFO]: Registered the mega_showdown:mega_showdown/showdown/moves registry
[15:31:41] [main/INFO]: Registered the mega_showdown:mega_showdown/showdown/ability registry
[15:31:41] [main/INFO]: Registered the mega_showdown:mega_showdown/showdown/conditions registry
[15:31:41] [main/INFO]: Registered the mega_showdown:mega_showdown/showdown/held_items registry
[15:31:41] [main/INFO]: Registered the mega_showdown:mega_showdown/showdown/typecharts registry
[15:31:41] [main/INFO]: Registered the mega_showdown:mega_showdown/showdown/scripts registry
[15:31:41] [main/INFO]: Registered the cobblemon:molang registry
[15:31:41] [main/INFO]: Registered the cobblemon:species_features registry
[15:31:41] [main/INFO]: Registered the cobblemon:global_species_features registry
[15:31:41] [main/INFO]: Registered the cobblemon:species_feature_assignments registry
[15:31:41] [main/INFO]: Registered the cobblemon:action_effects registry
[15:31:41] [main/INFO]: Registered the cobblemon:moves registry
[15:31:41] [main/INFO]: Registered the cobblemon:abilities registry
[15:31:41] [main/INFO]: Registered the cobblemon:behaviours registry
[15:31:41] [main/INFO]: Registered the cobblemon:species registry
[15:31:41] [main/INFO]: Registered the cobblemon:species_additions registry
[15:31:41] [main/INFO]: Registered the cobblemon:pokeballs registry
[15:31:41] [main/INFO]: Registered the cobblemon:properties_tab_completion registry
[15:31:41] [main/INFO]: Registered the cobblemon:spawn_detail_presets registry
[15:31:41] [main/INFO]: Registered the cobblemon:spawn_rules registry
[15:31:41] [main/INFO]: Registered the cobblemon:mechanics registry
[15:31:41] [main/INFO]: Registered the cobblemon:bag_items registry
[15:31:41] [main/INFO]: Registered the cobblemon:held_items registry
[15:31:41] [main/INFO]: Registered the cobblemon:dialogues registry
[15:31:41] [main/INFO]: Registered the cobblemon:natural_materials registry
[15:31:41] [main/INFO]: Registered the cobblemon:fossils registry
[15:31:41] [main/INFO]: Registered the cobblemon:npc_preset registry
[15:31:41] [main/INFO]: Registered the cobblemon:npc registry
[15:31:41] [main/INFO]: Registered the cobblemon:dex_entries registry
[15:31:41] [main/INFO]: Registered the cobblemon:dex_entry_additions registry
[15:31:41] [main/INFO]: Registered the cobblemon:dexes registry
[15:31:41] [main/INFO]: Registered the cobblemon:dex_additions registry
[15:31:41] [main/INFO]: Registered the cobblemon:cosmetic_items registry
[15:31:41] [main/INFO]: Registered the cobblemon:callbacks registry
[15:31:41] [main/INFO]: Registered the cobblemon:unlockable_pc_box_wallpapers registry
[15:31:41] [main/INFO]: Registered the cobblemon:marks registry
[15:31:41] [main/INFO]: Registered the cobblemon:starters registry
[15:31:41] [main/INFO]: Registered the cobblemon:spawn_pool_world registry
[15:31:41] [main/INFO]: Registered the cobblemon:pokerods registry
[15:31:41] [main/INFO]: Registered the cobblemon:berries registry
[15:31:41] [main/INFO]: Registered the cobblemon:seasonings registry
[15:31:41] [main/INFO]: Registered the cobblemon:pokemon_interactions registry
[15:31:41] [main/INFO]: Registered the cobblemon:spawn_bait_effects registry
[15:31:41] [main/INFO]: Registered the cobblemon:ride_settings registry
[15:31:41] [main/INFO]: Loading Collective version 8.22.
[15:31:42] [main/INFO]: Registering C2S receiver with id mega_showdown:mega_evo
[15:31:42] [main/INFO]: Registering C2S receiver with id mega_showdown:ultra_burst
[15:31:42] [main/INFO]: Registering C2S receiver with id mega_showdown:secret_sword_move_swap
[15:31:42] [main/INFO]: [STDOUT]:  Multiworld init
[15:31:42] [main/INFO]: Hello Fabric world!
[15:31:42] [main/INFO]: Unobtainium is usually found underground
[15:31:42] [main/INFO]: [voicechat] Compatibility version 20
[15:31:42] [main/INFO]: [voicechat] Loading plugins
[15:31:42] [main/INFO]: [voicechat] Loaded 0 plugin(s)
[15:31:42] [main/INFO]: [voicechat] Initializing plugins
[15:31:42] [main/INFO]: [voicechat] Initialized 0 plugin(s)
[15:31:42] [main/INFO]: Zamega Mod 正在初始化!
[15:31:43] [Thread-3/WARN]: [Update] Set World Spawn Point has an update available: 3.5 -> 3.9
[15:31:43] [Thread-2/WARN]: [Update] Collective has an update available: 8.22 -> 8.41
[15:31:43] [main/INFO]: Initializing 'TCD Commons API' 3.12.7+fabric-1.21 as 'TCDCommonsServer'.
[15:31:43] [main/INFO]: Environment: Environment[sessionHost=https://sessionserver.mojang.com, servicesHost=https://api.minecraftservices.com, name=PROD]
[15:31:45] [Worker-Main-3/INFO]: [Economy] Registering economy commands...
[15:31:45] [Worker-Main-3/INFO]: [Homes] Registering home commands...
[15:31:45] [Worker-Main-3/INFO]: [Duel] /duel command registered.
[15:31:45] [Worker-Main-3/INFO]: [Menu] Registering /menu, /help, and /gui commands...
[15:31:45] [Worker-Main-3/INFO]: [Claims] Registering /claim, /claims, and /unclaim shortcuts...
[15:31:45] [main/INFO]: Loaded 2290 recipes
[15:31:45] [main/INFO]: Loaded 2393 advancements
[15:31:45] [main/INFO]: Loaded custom elemental statuses
[15:31:46] [main/INFO]: Loaded 10 server scripts and 1 client scripts
[15:31:48] [main/INFO]: Loaded 937 moves
[15:31:48] [main/INFO]: Loaded 318 abilities
[15:31:48] [main/INFO]: Loaded 48 entity behaviours
[15:31:49] [main/INFO]: Finished additions
[15:31:49] [cobblemon Datafixer Bootstrap/INFO]: 4 Datafixer optimizations took 33 milliseconds
[15:31:50] [main/INFO]: Loaded 1025 Pokémon species
[15:31:50] [main/INFO]: Loaded 28 spawn detail presets.
[15:31:50] [main/INFO]: Starting dummy Showdown battle to force it to pre-load data.
[15:31:50] [main/INFO]: Imported 266 held item IDs from showdown
[15:31:50] [main/INFO]: Loaded 15 fossils
[15:31:51] [main/ERROR]: Invalid path in mod resource-pack cobblemon: cobblemon:dex_entry_additions/README.md, ignoring
[15:31:51] [main/ERROR]: Invalid path in mod resource-pack cobblemon: cobblemon:dex_additions/README.md, ignoring
[15:31:51] [main/ERROR]: Unable to apply dex addition cobblemon:mega_z as the sub-dex cobblemon:mega_z does not exist
[15:31:51] [main/INFO]: Loaded 6 callbacks and 0 client callbacks
[15:31:51] [main/INFO]: Loaded 168 marks
[15:31:51] [main/INFO]: Loaded 70 berries
[15:31:51] [main/INFO]: Loaded 137 Pokémon interaction sets
[15:31:52] [main/ERROR]: Couldn't parse interaction override json flan:wrenches_ae2 java.lang.IllegalStateException: Failed to parse either. First: Not a tag id; Second: Failed to parse either. First: Not a json array: "appliedenergistics2:certus_quartz_wrench"; Second: Failed to get element appliedenergistics2:certus_quartz_wrench; Failed to parse either. First: Not a tag id; Second: Failed to parse either. First: Not a json array: "appliedenergistics2:nether_quartz_wrench"; Second: Failed to get element appliedenergistics2:nether_quartz_wrench
java.lang.IllegalStateException: Failed to parse either. First: Not a tag id; Second: Failed to parse either. First: Not a json array: "appliedenergistics2:certus_quartz_wrench"; Second: Failed to get element appliedenergistics2:certus_quartz_wrench; Failed to parse either. First: Not a tag id; Second: Failed to parse either. First: Not a json array: "appliedenergistics2:nether_quartz_wrench"; Second: Failed to get element appliedenergistics2:nether_quartz_wrench
	at knot/io.github.flemmli97.flan.api.permission.InteractionOverrideManager.lambda$apply$9(InteractionOverrideManager.java:158) ~[flan-1.21.1-1.12.8-fabric.jar:?]
	at java.base/java.util.HashMap.forEach(HashMap.java:1429) ~[?:?]
	at knot/io.github.flemmli97.flan.api.permission.InteractionOverrideManager.apply(InteractionOverrideManager.java:153) ~[flan-1.21.1-1.12.8-fabric.jar:?]
	at knot/io.github.flemmli97.flan.api.permission.InteractionOverrideManager.method_18788(InteractionOverrideManager.java:39) ~[flan-1.21.1-1.12.8-fabric.jar:?]
	at knot/net.minecraft.class_4080.method_18790(class_4080.java:13) ~[server-intermediary.jar:?]
	at java.base/java.util.concurrent.CompletableFuture$UniAccept.tryFire(CompletableFuture.java:718) ~[?:?]
	at java.base/java.util.concurrent.CompletableFuture$Completion.run(CompletableFuture.java:482) ~[?:?]
	at knot/net.minecraft.class_4014.method_18365(class_4014.java:69) ~[server-intermediary.jar:?]
	at knot/net.minecraft.class_156.method_43498(class_156.java:1024) [server-intermediary.jar:?]
	at knot/net.minecraft.class_156.method_43499(class_156.java:1012) [server-intermediary.jar:?]
	at knot/net.minecraft.server.Main.main(Main.java:182) [server-intermediary.jar:?]
	at net.fabricmc.loader.impl.game.minecraft.MinecraftGameProvider.launch(MinecraftGameProvider.java:514) [fabric-loader-0.19.3.jar:?]
	at net.fabricmc.loader.impl.launch.knot.Knot.launch(Knot.java:72) [fabric-loader-0.19.3.jar:?]
	at net.fabricmc.loader.impl.launch.knot.KnotServer.main(KnotServer.java:23) [fabric-loader-0.19.3.jar:?]
	at net.fabricmc.loader.impl.launch.server.FabricServerLauncher.main(FabricServerLauncher.java:69) [fabric-loader-0.19.3.jar:?]
	at net.fabricmc.installer.ServerLauncher.main(ServerLauncher.java:69) [fabric-server-launch.jar:1.1.1]
[15:31:52] [main/ERROR]: Couldn't parse interaction override json flan:mekanism_bin java.lang.IllegalStateException: Failed to parse either. First: Not a tag id; Second: Failed to parse either. First: Not a json array: "mekanism:creative_bin"; Second: Failed to get element mekanism:creative_bin; Failed to parse either. First: Not a tag id; Second: Failed to parse either. First: Not a json array: "mekanism:ultimate_bin"; Second: Failed to get element mekanism:ultimate_bin; Failed to parse either. First: Not a tag id; Second: Failed to parse either. First: Not a json array: "mekanism:advanced_bin"; Second: Failed to get element mekanism:advanced_bin; Failed to parse either. First: Not a tag id; Second: Failed to parse either. First: Not a json array: "mekanism:basic_bin"; Second: Failed to get element mekanism:basic_bin
java.lang.IllegalStateException: Failed to parse either. First: Not a tag id; Second: Failed to parse either. First: Not a json array: "mekanism:creative_bin"; Second: Failed to get element mekanism:creative_bin; Failed to parse either. First: Not a tag id; Second: Failed to parse either. First: Not a json array: "mekanism:ultimate_bin"; Second: Failed to get element mekanism:ultimate_bin; Failed to parse either. First: Not a tag id; Second: Failed to parse either. First: Not a json array: "mekanism:advanced_bin"; Second: Failed to get element mekanism:advanced_bin; Failed to parse either. First: Not a tag id; Second: Failed to parse either. First: Not a json array: "mekanism:basic_bin"; Second: Failed to get element mekanism:basic_bin
	at knot/io.github.flemmli97.flan.api.permission.InteractionOverrideManager.lambda$apply$9(InteractionOverrideManager.java:158) ~[flan-1.21.1-1.12.8-fabric.jar:?]
	at java.base/java.util.HashMap.forEach(HashMap.java:1429) ~[?:?]
	at knot/io.github.flemmli97.flan.api.permission.InteractionOverrideManager.apply(InteractionOverrideManager.java:153) ~[flan-1.21.1-1.12.8-fabric.jar:?]
	at knot/io.github.flemmli97.flan.api.permission.InteractionOverrideManager.method_18788(InteractionOverrideManager.java:39) ~[flan-1.21.1-1.12.8-fabric.jar:?]
	at knot/net.minecraft.class_4080.method_18790(class_4080.java:13) ~[server-intermediary.jar:?]
	at java.base/java.util.concurrent.CompletableFuture$UniAccept.tryFire(CompletableFuture.java:718) ~[?:?]
	at java.base/java.util.concurrent.CompletableFuture$Completion.run(CompletableFuture.java:482) ~[?:?]
	at knot/net.minecraft.class_4014.method_18365(class_4014.java:69) ~[server-intermediary.jar:?]
	at knot/net.minecraft.class_156.method_43498(class_156.java:1024) [server-intermediary.jar:?]
	at knot/net.minecraft.class_156.method_43499(class_156.java:1012) [server-intermediary.jar:?]
	at knot/net.minecraft.server.Main.main(Main.java:182) [server-intermediary.jar:?]
	at net.fabricmc.loader.impl.game.minecraft.MinecraftGameProvider.launch(MinecraftGameProvider.java:514) [fabric-loader-0.19.3.jar:?]
	at net.fabricmc.loader.impl.launch.knot.Knot.launch(Knot.java:72) [fabric-loader-0.19.3.jar:?]
	at net.fabricmc.loader.impl.launch.knot.KnotServer.main(KnotServer.java:23) [fabric-loader-0.19.3.jar:?]
	at net.fabricmc.loader.impl.launch.server.FabricServerLauncher.main(FabricServerLauncher.java:69) [fabric-loader-0.19.3.jar:?]
	at net.fabricmc.installer.ServerLauncher.main(ServerLauncher.java:69) [fabric-server-launch.jar:1.1.1]
[15:31:52] [main/ERROR]: Couldn't parse interaction override json flan:npc java.lang.IllegalStateException: Failed to parse either. First: Not a tag id; Second: Failed to parse either. First: Not a json array: "taterzens:npc"; Second: Failed to get element taterzens:npc
java.lang.IllegalStateException: Failed to parse either. First: Not a tag id; Second: Failed to parse either. First: Not a json array: "taterzens:npc"; Second: Failed to get element taterzens:npc
	at knot/io.github.flemmli97.flan.api.permission.InteractionOverrideManager.lambda$apply$9(InteractionOverrideManager.java:158) ~[flan-1.21.1-1.12.8-fabric.jar:?]
	at java.base/java.util.HashMap.forEach(HashMap.java:1429) ~[?:?]
	at knot/io.github.flemmli97.flan.api.permission.InteractionOverrideManager.apply(InteractionOverrideManager.java:153) ~[flan-1.21.1-1.12.8-fabric.jar:?]
	at knot/io.github.flemmli97.flan.api.permission.InteractionOverrideManager.method_18788(InteractionOverrideManager.java:39) ~[flan-1.21.1-1.12.8-fabric.jar:?]
	at knot/net.minecraft.class_4080.method_18790(class_4080.java:13) ~[server-intermediary.jar:?]
	at java.base/java.util.concurrent.CompletableFuture$UniAccept.tryFire(CompletableFuture.java:718) ~[?:?]
	at java.base/java.util.concurrent.CompletableFuture$Completion.run(CompletableFuture.java:482) ~[?:?]
	at knot/net.minecraft.class_4014.method_18365(class_4014.java:69) ~[server-intermediary.jar:?]
	at knot/net.minecraft.class_156.method_43498(class_156.java:1024) [server-intermediary.jar:?]
	at knot/net.minecraft.class_156.method_43499(class_156.java:1012) [server-intermediary.jar:?]
	at knot/net.minecraft.server.Main.main(Main.java:182) [server-intermediary.jar:?]
	at net.fabricmc.loader.impl.game.minecraft.MinecraftGameProvider.launch(MinecraftGameProvider.java:514) [fabric-loader-0.19.3.jar:?]
	at net.fabricmc.loader.impl.launch.knot.Knot.launch(Knot.java:72) [fabric-loader-0.19.3.jar:?]
	at net.fabricmc.loader.impl.launch.knot.KnotServer.main(KnotServer.java:23) [fabric-loader-0.19.3.jar:?]
	at net.fabricmc.loader.impl.launch.server.FabricServerLauncher.main(FabricServerLauncher.java:69) [fabric-loader-0.19.3.jar:?]
	at net.fabricmc.installer.ServerLauncher.main(ServerLauncher.java:69) [fabric-server-launch.jar:1.1.1]
[15:31:52] [ForkJoinPool.commonPool-worker-1/INFO]: Loaded 475 translation keys
[15:31:52] [main/WARN]: Not all defined tags for registry ResourceKey[minecraft:root / minecraft:block] are present in data pack: storagedrawers:drawers
[15:31:52] [main/WARN]: Not all defined tags for registry ResourceKey[minecraft:root / minecraft:item] are present in data pack: c:wrenches
[15:31:53] [main/INFO]: Applied 617 biome modifications to 64 of 64 new biomes in 16.53 ms
[15:31:53] [Server thread/INFO]:         __    
[15:31:53] [Server thread/INFO]:   |    |__)   LuckPerms v5.4.140
[15:31:53] [Server thread/INFO]:   |___ |      Running on Fabric - fabric@0.116.12+1.21.1
[15:31:53] [Server thread/INFO]: 
[15:31:53] [Server thread/INFO]: Loading configuration...
[15:31:53] [Server thread/INFO]: Loading storage provider... [H2]
[15:31:53] [Server thread/INFO]: Loading internal permission managers...
[15:31:53] [Server thread/INFO]: Performing initial data load...
[15:31:53] [Server thread/INFO]: Successfully enabled. (took 578ms)
[15:31:53] [Server thread/INFO]: Starting minecraft server version 1.21.1
[15:31:53] [Server thread/INFO]: Loading properties
[15:31:53] [Server thread/INFO]: Default game type: SURVIVAL
[15:31:53] [Server thread/INFO]: Generating keypair
[15:31:53] [Server thread/INFO]: Starting Minecraft server on *:25565
[15:31:53] [Server thread/INFO]: Using default channel type
[15:31:54] [Server thread/INFO]: Preparing level "lobby"
[15:31:55] [Server thread/INFO]: Preparing start region for dimension minecraft:overworld
[15:31:55] [Worker-Main-10/INFO]: Preparing spawn area: 0%
[15:31:55] [Server thread/INFO]: Time elapsed: 372 ms
[15:31:55] [Server thread/INFO]: Done (1.498s)! For help, type "help"
[15:31:55] [Server thread/INFO]: Starting remote control listener
[15:31:55] [Server thread/INFO]: Thread RCON Listener started
[15:31:55] [Server thread/INFO]: RCON running on 0.0.0.0:25575
[15:31:55] [Server thread/INFO]: [Rewards] Rewards service running with server lifecycle.
[15:31:55] [Server thread/INFO]: [Quests] Successfully hooked Cobblemon POKEMON_CAPTURED event!
[15:31:55] [Server thread/INFO]: [Quests] Successfully hooked Cobblemon BATTLE_VICTORY event!
[15:31:55] [Server thread/INFO]: [Quests] Quests service running.
[15:31:55] [Server thread/INFO]: [BattlePass] Successfully hooked Cobblemon POKEMON_CAPTURED event!
[15:31:55] [Server thread/INFO]: [BattlePass] Successfully hooked Cobblemon BATTLE_VICTORY event!
[15:31:55] [Server thread/INFO]: [Duel] Successfully hooked Cobblemon BATTLE_VICTORY event.
[15:31:55] [Server thread/INFO]: [Duel] Duel module ready.
[15:31:55] [Server thread/INFO]: Optimizing spawn pools...
[15:31:55] [Server thread/INFO]: [STDOUT]: Found saved world multiworld:survival
[15:31:55] [VoiceChatServerThread/INFO]: [voicechat] Voice chat server started at port 24454
[15:32:20] [Server thread/INFO]: There are 0 of a max of 10 players online: 
[15:32:33] [Server thread/INFO]: Stopping the server
[15:32:33] [Server thread/INFO]: [Rewards] Rewards service shut down cleanly.
[15:32:33] [Server thread/INFO]: Starting shutdown process...
[15:32:33] [Server thread/INFO]: Closing storage...
[15:32:33] [Server thread/INFO]: Goodbye!
[15:32:33] [Server thread/INFO]: Stopping server
[15:32:33] [Server thread/INFO]: Saving players
[15:32:33] [Server thread/INFO]: Saving worlds
[15:32:33] [Server thread/INFO]: Saving chunks for level 'ServerLevel[lobby]'/minecraft:overworld
[15:32:33] [Server thread/INFO]: Saving chunks for level 'ServerLevel[lobby]'/minecraft:the_end
[15:32:33] [Server thread/INFO]: Saving chunks for level 'ServerLevel[lobby]'/minecraft:the_nether
[15:32:33] [Server thread/INFO]: Saving chunks for level 'ServerLevel[lobby]'/multiworld:survival
[15:32:33] [Server thread/INFO]: ThreadedAnvilChunkStorage (lobby): All chunks are saved
[15:32:33] [Server thread/INFO]: ThreadedAnvilChunkStorage (DIM1): All chunks are saved
[15:32:33] [Server thread/INFO]: ThreadedAnvilChunkStorage (DIM-1): All chunks are saved
[15:32:33] [Server thread/INFO]: ThreadedAnvilChunkStorage (survival): All chunks are saved
[15:32:33] [Server thread/INFO]: ThreadedAnvilChunkStorage: All dimensions are saved
[15:32:33] [Server thread/INFO]: Thread RCON Listener stopped
